// Jest Snapshot v1, https://goo.gl/fbAQLP

exports[`Snapshot test Testing my footer component 1`] = `
<footer>
  <center>
    Â© Edureka
  </center>
</footer>
`;
